  Determining projects to restore...
C:\Users\user\Desktop\BetliveApi\BetliveApi.csproj : warning NU1902: Package 'System.IdentityModel.Tokens.Jwt' 7.0.3 has a known moderate severity vulnerability, https://github.com/advisories/GHSA-59j7-ghrg-fj52
  All projects are up-to-date for restore.
C:\Users\user\Desktop\BetliveApi\BetliveApi.csproj : warning NU1902: Package 'System.IdentityModel.Tokens.Jwt' 7.0.3 has a known moderate severity vulnerability, https://github.com/advisories/GHSA-59j7-ghrg-fj52
  BetliveApi -> C:\Users\user\Desktop\BetliveApi\bin\Debug\net8.0\BetliveApi.dll

Build succeeded.

C:\Users\user\Desktop\BetliveApi\BetliveApi.csproj : warning NU1902: Package 'System.IdentityModel.Tokens.Jwt' 7.0.3 has a known moderate severity vulnerability, https://github.com/advisories/GHSA-59j7-ghrg-fj52
C:\Users\user\Desktop\BetliveApi\BetliveApi.csproj : warning NU1902: Package 'System.IdentityModel.Tokens.Jwt' 7.0.3 has a known moderate severity vulnerability, https://github.com/advisories/GHSA-59j7-ghrg-fj52
    2 Warning(s)
    0 Error(s)

Time Elapsed 00:00:01.59
